spkr62_1 [ 1 -2.853634209118396 ]  [ 7 -3.038192206854958 ]  [ 30 -3.0508848810383977 ]  [ 25 -1.460146703650016 ]  [ 8 -2.0811362022483477 ]  [ 31 -1.647987898116174 ]  [ 30 -1.6763773883124116 ]  [ 13 -2.4097220849599656 ]  [ 11 -2.0368563325091897 ]  [ 33 -1.936550521083588 ]  [ 28 -3.117049964175488 ]  [ 1 -3.060526123916865 ] 
spkr62_2 [ 1 -6.128550907886929 ]  [ 5 -2.3079572523520695 ]  [ 22 -2.141160465325075 ]  [ 5 -2.0918175089955593 ]  [ 29 -2.3535027419037156 ]  [ 1 -5.365287202282206 ]  [ 5 -2.124027299329636 ]  [ 37 -2.73155289484621 ]  [ 18 -2.805566107540677 ]  [ 3 -2.822745792967552 ]  [ 33 -2.05761102989129 ]  [ 1 -4.879793081409734 ]  [ 33 -2.2506617600264303 ]  [ 20 -2.1513722841684872 ]  [ 1 -2.5997626018594064 ] 
spkr62_4 [ 1 -4.59357448708681 ]  [ 24 -1.8759576671201337 ]  [ 8 -2.1256796226913868 ]  [ 16 -1.8154643388354013 ]  [ 3 -2.4295045108596476 ]  [ 12 -2.6464284727179703 ]  [ 14 -2.230254835466239 ]  [ 19 -3.072043861988887 ]  [ 40 -2.4051862971086537 ]  [ 1 -4.339046453547105 ]  [ 4 -3.0138294395934104 ]  [ 33 -1.8807786679141465 ]  [ 18 -2.6137241297685834 ]  [ 27 -2.4368501105073297 ]  [ 24 -2.1000801881738806 ]  [ 1 -2.973356998558921 ] 
spkr62_5 [ 1 -4.071306097819963 ]  [ 33 -1.9431072972560581 ]  [ 30 -2.3285771882595006 ]  [ 8 -2.159410284389493 ]  [ 33 -1.9197145651605254 ]  [ 5 -2.341113958795693 ]  [ 31 -1.7459756046692798 ]  [ 19 -1.8595089555512139 ]  [ 26 -3.3903852146000326 ]  [ 1 -6.140647247830584 ]  [ 5 -2.0696281673550336 ]  [ 25 -1.652630475030707 ]  [ 11 -3.407283050964722 ]  [ 21 -2.116471614134851 ]  [ 5 -1.8001558786100411 ]  [ 24 -1.2018352447768184 ]  [ 29 -2.156903692001968 ]  [ 1 -3.323135988095541 ] 
spkr66_1 [ 1 -4.493336065133882 ]  [ 3 -3.1801021093633333 ]  [ 30 -3.265739069759244 ]  [ 1 -7.192191282158849 ]  [ 25 -2.3601095743604605 ]  [ 8 -2.3588977549301067 ]  [ 31 -1.9074201537123063 ]  [ 30 -2.139037759243749 ]  [ 13 -2.677553589500921 ]  [ 11 -2.8602799714208342 ]  [ 1 -5.999934389178569 ]  [ 33 -2.2896298921651552 ]  [ 28 -3.11090584021223 ]  [ 1 -6.02851863804929 ] 
spkr66_2 [ 1 -3.971766256022764 ]  [ 15 -3.089390559020188 ]  [ 1 -6.428559656928048 ]  [ 22 -2.1122756598238213 ]  [ 5 -2.064179218234032 ]  [ 29 -2.1295774885147125 ]  [ 1 -5.156177381458475 ]  [ 5 -2.3553311775713324 ]  [ 37 -3.3723980435288037 ]  [ 18 -3.2485552975707774 ]  [ 3 -3.1117714802416603 ]  [ 33 -1.9230519244806945 ]  [ 33 -2.092485768808365 ]  [ 20 -2.2557283148987928 ]  [ 1 -5.4819973054062325 ] 
spkr66_4 [ 1 -4.868773742644303 ]  [ 24 -2.4415028648450874 ]  [ 8 -2.167126392919005 ]  [ 16 -2.915618761279374 ]  [ 3 -2.6241121597223396 ]  [ 12 -2.632564900404693 ]  [ 14 -2.2293261468665047 ]  [ 19 -2.44276071541278 ]  [ 40 -2.6763367230217976 ]  [ 4 -3.295803885293623 ]  [ 33 -2.8631987668600236 ]  [ 18 -3.791047621694579 ]  [ 27 -2.6913983326994364 ]  [ 24 -2.5668517412066825 ]  [ 1 -4.8918448937206715 ] 
spkr66_5 [ 1 -5.382137701149233 ]  [ 33 -2.703140570949893 ]  [ 30 -2.788805188754319 ]  [ 8 -2.3710200549623788 ]  [ 33 -2.2770931748190497 ]  [ 5 -2.334504398180449 ]  [ 31 -1.9455709348444676 ]  [ 19 -1.8911742725104634 ]  [ 26 -3.420468770261846 ]  [ 5 -1.7511816132325335 ]  [ 25 -2.48743587405974 ]  [ 11 -3.190369674515174 ]  [ 21 -3.126301593420656 ]  [ 5 -2.31824435443888 ]  [ 24 -2.089534628588338 ]  [ 29 -2.7539783997262095 ]  [ 1 -5.4896571271047785 ] 
spkr67_1 [ 1 -6.88964245378962 ]  [ 7 -3.036575107691723 ]  [ 30 -2.47063777591566 ]  [ 25 -1.6484017818994787 ]  [ 8 -2.338261334103876 ]  [ 31 -2.047752617974916 ]  [ 30 -2.218571695284706 ]  [ 13 -2.724811689220258 ]  [ 11 -2.702152797249251 ]  [ 1 -6.542735598095291 ]  [ 33 -2.841769053011387 ]  [ 28 -3.8153333823513114 ]  [ 1 -6.390168991076367 ] 
spkr67_2 [ 1 -6.763500650738688 ]  [ 15 -2.9716864872830757 ]  [ 1 -6.432947711258867 ]  [ 22 -2.297311928003684 ]  [ 5 -2.0470910146661656 ]  [ 29 -2.0784642619634384 ]  [ 5 -1.8248790881778074 ]  [ 37 -3.054436156918252 ]  [ 18 -3.8249032127487443 ]  [ 3 -3.2830963174178653 ]  [ 33 -3.0569572349150502 ]  [ 1 -5.389019844309951 ]  [ 33 -3.1397454204686213 ]  [ 20 -2.760607216080837 ]  [ 1 -6.484944231709541 ] 
spkr67_4 [ 1 -3.679946436010366 ]  [ 24 -2.525957445343706 ]  [ 8 -2.8003905403412914 ]  [ 16 -2.8556279301783496 ]  [ 3 -2.719836374775556 ]  [ 12 -3.3474819656299712 ]  [ 14 -2.2716910863560473 ]  [ 19 -1.9449956324597322 ]  [ 40 -2.6333547402474102 ]  [ 4 -3.099265681868499 ]  [ 33 -3.289386101899266 ]  [ 1 -6.920407745165678 ]  [ 18 -2.3929594551973508 ]  [ 27 -2.5889765389027954 ]  [ 24 -2.2691286933685704 ]  [ 1 -4.45002219494238 ] 
spkr67_5 [ 1 -2.9515931595447227 ]  [ 33 -2.6424407145150037 ]  [ 30 -2.3499545542897025 ]  [ 8 -2.12504471272683 ]  [ 33 -3.012483305088601 ]  [ 5 -2.657372544887126 ]  [ 31 -2.374043398150142 ]  [ 19 -1.9339720059419518 ]  [ 26 -3.960238114119568 ]  [ 4 -2.917185430660005 ]  [ 25 -1.5408002644768801 ]  [ 11 -3.1025684188613796 ]  [ 21 -3.8249363624122226 ]  [ 5 -2.2301319159184883 ]  [ 24 -2.513656914478955 ]  [ 29 -2.923116510229392 ]  [ 1 -3.8023571863478645 ] 
spkr82_1 [ 1 -2.7021611165360255 ]  [ 7 -2.6866350516404904 ]  [ 30 -2.4569569313459976 ]  [ 25 -1.7889268267137657 ]  [ 8 -2.3706715231803512 ]  [ 31 -2.155773825082757 ]  [ 30 -2.2972443478229865 ]  [ 13 -2.9310872051224255 ]  [ 11 -2.7902990440952866 ]  [ 33 -2.1822945837876255 ]  [ 28 -3.666872080237609 ]  [ 1 -3.4563350773128554 ] 
spkr82_2 [ 1 -4.310493474626479 ]  [ 5 -2.6112559093173857 ]  [ 1 -6.727551722510488 ]  [ 22 -2.5424193584403874 ]  [ 5 -1.9357811330363734 ]  [ 29 -1.9372844351246534 ]  [ 5 -1.6935692067460504 ]  [ 37 -2.707501719938743 ]  [ 18 -3.635200966082083 ]  [ 3 -2.8394960413361954 ]  [ 33 -2.3587676105661575 ]  [ 1 -6.277349625149784 ]  [ 33 -2.937995252548829 ]  [ 20 -2.345736515630425 ]  [ 1 -3.7570150484672027 ] 
spkr82_4 [ 1 -2.9737838618542467 ]  [ 24 -2.14812895447474 ]  [ 8 -2.542386771481326 ]  [ 16 -2.0399016332879314 ]  [ 3 -2.5848663683399864 ]  [ 12 -2.6498057846892116 ]  [ 14 -2.202787870334465 ]  [ 19 -2.2686486104476065 ]  [ 40 -2.607665888909292 ]  [ 4 -2.5011559831706167 ]  [ 33 -2.5867084463716052 ]  [ 18 -2.335717629359878 ]  [ 27 -2.369948912871104 ]  [ 24 -2.173852735820751 ]  [ 1 -4.539812017866846 ] 
spkr82_5 [ 1 -2.9846181009540547 ]  [ 33 -3.1705103673612474 ]  [ 30 -2.3282703508543534 ]  [ 8 -2.4674555401048357 ]  [ 33 -2.4767831463490513 ]  [ 5 -2.607506970259588 ]  [ 31 -1.9274364897177647 ]  [ 19 -2.1853608674962044 ]  [ 26 -3.709356424005536 ]  [ 1 -5.301714336671844 ]  [ 5 -2.078595521911053 ]  [ 25 -2.1110281373652 ]  [ 11 -3.462901915402819 ]  [ 21 -2.5431632696151567 ]  [ 5 -2.1382058167298092 ]  [ 24 -1.7447625017576978 ]  [ 29 -2.459101093825033 ]  [ 1 -4.274275024770534 ] 
spkr95_1 [ 1 -5.8218989173538835 ]  [ 3 -2.8291813306477502 ]  [ 30 -2.270966330341997 ]  [ 25 -1.7995221935964199 ]  [ 8 -2.5257445289858844 ]  [ 31 -2.273233171165521 ]  [ 1 -5.8410145315670166 ]  [ 30 -2.4587704602584677 ]  [ 13 -2.540175025711826 ]  [ 11 -2.6076571361263428 ]  [ 33 -2.053110029839793 ]  [ 28 -4.000042892355922 ]  [ 1 -3.8567853492112723 ] 
spkr95_2 [ 1 -3.0331673316690093 ]  [ 15 -2.612659954653535 ]  [ 22 -1.8131730669529986 ]  [ 5 -2.029797921829331 ]  [ 29 -1.8356250219428258 ]  [ 5 -1.9296913029220653 ]  [ 37 -2.849233080107632 ]  [ 1 -5.238908827692823 ]  [ 18 -3.2950244402062205 ]  [ 3 -2.8507692920143914 ]  [ 33 -2.845629902650126 ]  [ 1 -6.834237203732718 ]  [ 33 -2.2512804166631386 ]  [ 20 -2.4677639439748007 ]  [ 1 -3.3807092132561265 ] 
spkr95_4 [ 1 -5.273844107634867 ]  [ 24 -2.0325083936890698 ]  [ 8 -2.0772631651085693 ]  [ 16 -1.8345932651931027 ]  [ 3 -2.649333241691078 ]  [ 12 -3.1535964205698432 ]  [ 14 -2.6697431476552116 ]  [ 1 -4.013981033497791 ]  [ 19 -2.644916149262402 ]  [ 40 -2.3740555378715156 ]  [ 4 -2.704699536778901 ]  [ 33 -2.7610486555076332 ]  [ 1 -6.133419357788526 ]  [ 18 -3.1284995594210985 ]  [ 27 -2.5786359650425514 ]  [ 24 -3.3359685047093266 ]  [ 1 -4.161891621859154 ] 
spkr95_5 [ 1 -5.816812151121896 ]  [ 33 -2.9609564391054977 ]  [ 30 -2.5562712448803 ]  [ 8 -2.2908168691521813 ]  [ 33 -2.326688476641372 ]  [ 36 -3.1702188102028517 ]  [ 31 -2.1788245073089736 ]  [ 19 -2.2201649383108086 ]  [ 26 -3.26692610099311 ]  [ 1 -4.328841332666901 ]  [ 5 -2.0708486801155805 ]  [ 25 -1.7104266125232461 ]  [ 11 -3.3359507212742456 ]  [ 21 -2.37325527561012 ]  [ 5 -2.2217120057593487 ]  [ 24 -1.9259065801069188 ]  [ 29 -2.763369892130554 ]  [ 1 -3.734056572392816 ] 
