spkr14_1 [ 1 -2.671135671408258 ]  [ 7 -3.4037809867731483 ]  [ 14 -2.7642851663901498 ]  [ 25 -2.106259982598989 ]  [ 8 -2.5069727846192293 ]  [ 31 -2.308206626915528 ]  [ 1 -6.2173057725086105 ]  [ 30 -2.526164166618512 ]  [ 13 -2.9792416844181577 ]  [ 11 -2.52865419607339 ]  [ 1 -6.034828211661756 ]  [ 33 -2.3877947763262246 ]  [ 28 -3.528921005924174 ]  [ 1 -3.0081849131275256 ] 
spkr14_2 [ 1 -2.9880365254527357 ]  [ 15 -3.0125485292620247 ]  [ 1 -6.653577166719092 ]  [ 22 -2.4227517403443644 ]  [ 5 -2.153984982779315 ]  [ 29 -2.4714886450940723 ]  [ 5 -2.3485038863361334 ]  [ 37 -2.9390140249762595 ]  [ 1 -4.441007114901019 ]  [ 18 -3.3738852457143853 ]  [ 3 -3.2450555378034007 ]  [ 33 -3.070677354686146 ]  [ 1 -7.023825378555993 ]  [ 33 -2.5281035518474897 ]  [ 20 -2.4387394341415587 ]  [ 1 -3.1670067308013756 ] 
spkr14_4 [ 1 -5.972129919345736 ]  [ 24 -2.576385884115971 ]  [ 8 -2.2686705700775045 ]  [ 16 -2.1670474960131196 ]  [ 3 -2.6785336235159094 ]  [ 12 -2.408620772183736 ]  [ 14 -2.549039415786979 ]  [ 1 -5.0523070647865245 ]  [ 19 -2.6619992429945865 ]  [ 40 -2.643973274554503 ]  [ 4 -2.897400691509618 ]  [ 33 -2.165977395349647 ]  [ 18 -2.725585644712247 ]  [ 27 -2.632184536641047 ]  [ 24 -2.8724232421967493 ]  [ 1 -3.2212002105482664 ] 
spkr14_5 [ 1 -2.9218389214673115 ]  [ 33 -2.445187615593224 ]  [ 30 -2.6087904045356147 ]  [ 8 -2.5119150734377422 ]  [ 1 -5.533471811438627 ]  [ 33 -2.4754801698829585 ]  [ 36 -2.521409946705203 ]  [ 31 -1.968749265052772 ]  [ 19 -2.332943075733707 ]  [ 26 -4.201535632968796 ]  [ 4 -2.5446779222550218 ]  [ 25 -1.7978407097862892 ]  [ 11 -3.4725833265037274 ]  [ 21 -2.2242303909424486 ]  [ 5 -2.147393341103207 ]  [ 24 -2.2360137016346404 ]  [ 29 -2.321808465720627 ]  [ 1 -3.1024266369001405 ] 
spkr15_1 [ 1 -3.1630189877420105 ]  [ 3 -2.80801067282778 ]  [ 30 -2.5825801663511196 ]  [ 25 -1.9762160487940188 ]  [ 8 -2.587619908390959 ]  [ 31 -1.9901733842797473 ]  [ 30 -2.0973230007815915 ]  [ 13 -3.305113192317575 ]  [ 11 -3.302352723890176 ]  [ 1 -6.6222689381239785 ]  [ 33 -2.3680102639793046 ]  [ 28 -3.278523066114194 ]  [ 1 -3.824067450359932 ] 
spkr15_2 [ 1 -3.516170109929388 ]  [ 5 -2.602609917724436 ]  [ 1 -6.30944798123941 ]  [ 22 -2.4721289351334983 ]  [ 5 -2.4194451433340127 ]  [ 29 -2.623312844814359 ]  [ 1 -5.602097369427282 ]  [ 5 -2.1784025514314354 ]  [ 37 -3.0782367422721446 ]  [ 18 -3.066869055775316 ]  [ 3 -3.284438205146523 ]  [ 33 -2.3492078852592986 ]  [ 1 -5.911560833850586 ]  [ 33 -2.213900198272267 ]  [ 20 -2.315907696508592 ]  [ 1 -3.272241152404079 ] 
spkr15_4 [ 1 -2.816735837011026 ]  [ 24 -2.117042967950626 ]  [ 8 -2.635080694327721 ]  [ 16 -1.934868717757374 ]  [ 3 -2.8939236019259797 ]  [ 12 -2.8021819229946865 ]  [ 14 -2.038619855849084 ]  [ 19 -2.47201939396733 ]  [ 40 -2.3781693359616924 ]  [ 4 -2.5310538951025054 ]  [ 33 -2.0506958248436447 ]  [ 18 -2.6495008149234414 ]  [ 27 -2.606199252266901 ]  [ 24 -2.9529570423171916 ]  [ 1 -7.46038665550877 ] 
spkr15_5 [ 1 -4.240062001304259 ]  [ 33 -2.8833720804752865 ]  [ 30 -2.078720828129919 ]  [ 8 -2.2764578556398964 ]  [ 33 -2.1759568441296424 ]  [ 5 -2.2332074049329935 ]  [ 31 -1.940397325424808 ]  [ 19 -1.9870821289067946 ]  [ 26 -3.153899739537881 ]  [ 4 -2.7583672514639397 ]  [ 25 -2.455114150095315 ]  [ 11 -3.4498573958447896 ]  [ 21 -2.430918567720001 ]  [ 5 -2.1065829889146506 ]  [ 24 -2.048731103042481 ]  [ 29 -2.6125752909467295 ]  [ 1 -3.062590569457079 ] 
spkr17_1 [ 1 -2.679410436481003 ]  [ 7 -3.4131026683382264 ]  [ 30 -3.3684492584193024 ]  [ 25 -1.9919969596544767 ]  [ 8 -3.0154460368155775 ]  [ 31 -1.7875479502730482 ]  [ 30 -2.2680308969252803 ]  [ 13 -2.825414325686646 ]  [ 11 -2.2971529043399355 ]  [ 1 -6.464314910906082 ]  [ 33 -2.431021172746904 ]  [ 28 -3.613591965600926 ]  [ 1 -7.771194820678967 ] 
spkr17_2 [ 1 -2.9266481020907453 ]  [ 5 -2.356665990613204 ]  [ 22 -2.686131875656249 ]  [ 5 -2.107737428746301 ]  [ 29 -1.9970091306930393 ]  [ 5 -1.9110722054785623 ]  [ 37 -3.1681489143219697 ]  [ 18 -3.6737704998607623 ]  [ 3 -3.1296252412761585 ]  [ 33 -2.3804891427867028 ]  [ 1 -6.025189235612507 ]  [ 33 -2.2137661079762725 ]  [ 20 -2.375601581105474 ]  [ 1 -2.7723433010095713 ] 
spkr17_4 [ 1 -3.0478792748540733 ]  [ 24 -1.7441922529324347 ]  [ 8 -2.110520063998207 ]  [ 16 -1.9609005887551736 ]  [ 3 -2.8199061471982443 ]  [ 12 -2.838523133091942 ]  [ 14 -2.832658211631546 ]  [ 19 -2.3655076073890857 ]  [ 40 -2.47636373689582 ]  [ 4 -2.390643793002655 ]  [ 33 -1.915706504242245 ]  [ 18 -2.28408401645559 ]  [ 27 -2.2822714045009334 ]  [ 24 -2.6221324400186563 ]  [ 1 -3.202491866736053 ] 
spkr17_5 [ 1 -3.055966336593165 ]  [ 33 -2.6621873836419048 ]  [ 30 -2.7376795977779187 ]  [ 8 -2.5385255027490436 ]  [ 33 -1.8526692129662925 ]  [ 5 -2.288150319225678 ]  [ 31 -1.6779142086450922 ]  [ 19 -1.8287256404239716 ]  [ 26 -3.0145350286375634 ]  [ 4 -2.3072820664319256 ]  [ 25 -1.8546307804727984 ]  [ 11 -3.001326946629888 ]  [ 21 -1.764206660986161 ]  [ 5 -2.073761849380184 ]  [ 24 -1.9064605679070943 ]  [ 29 -2.497015056922768 ]  [ 1 -3.0852758993614455 ] 
spkr18_1 [ 1 -3.3755006354924775 ]  [ 7 -2.9401377463381024 ]  [ 14 -2.2151521199333195 ]  [ 25 -1.9498166247485602 ]  [ 8 -2.702470880070396 ]  [ 31 -2.1781351148745074 ]  [ 30 -2.3972850954019154 ]  [ 13 -2.9374435223969613 ]  [ 11 -2.588712113030875 ]  [ 1 -6.29596375268881 ]  [ 33 -2.7776209896289146 ]  [ 28 -3.5774315012475193 ]  [ 1 -3.8689267726826886 ] 
spkr18_2 [ 1 -3.3986881015262114 ]  [ 5 -2.4771172967313784 ]  [ 22 -2.685829844602519 ]  [ 5 -1.842673927570886 ]  [ 29 -2.2114552381409567 ]  [ 5 -1.7499279510249341 ]  [ 37 -3.7722649155750263 ]  [ 1 -6.556560411481049 ]  [ 18 -2.6439530541186946 ]  [ 3 -2.908215867717098 ]  [ 33 -2.420395533798176 ]  [ 33 -2.368496801081311 ]  [ 20 -2.2910360048923355 ]  [ 1 -2.8272455265686744 ] 
spkr18_4 [ 1 -3.17203316116557 ]  [ 24 -2.1174239103365626 ]  [ 8 -2.3040469152743404 ]  [ 16 -2.0581593476292492 ]  [ 3 -2.39463098520947 ]  [ 12 -2.7465148281155765 ]  [ 14 -1.974630060326399 ]  [ 1 -4.481026457679001 ]  [ 19 -2.7593199707272484 ]  [ 40 -2.898069167906922 ]  [ 4 -2.9912497956762207 ]  [ 33 -2.0802948500272165 ]  [ 18 -2.132730478626731 ]  [ 27 -2.430665165744339 ]  [ 24 -2.4443779411300954 ]  [ 1 -3.8948344576096603 ] 
spkr18_5 [ 1 -3.0298684303984538 ]  [ 33 -3.10365517396566 ]  [ 30 -2.099118815782819 ]  [ 8 -2.609741675250418 ]  [ 1 -6.413121609676796 ]  [ 33 -2.317175278665798 ]  [ 5 -2.390605131743511 ]  [ 31 -1.6668476545823292 ]  [ 19 -2.1105046359687396 ]  [ 26 -3.4649024287145878 ]  [ 4 -2.649825296155712 ]  [ 25 -1.7763594771356095 ]  [ 11 -3.534810747327463 ]  [ 21 -2.0550610464892585 ]  [ 5 -2.24554139685256 ]  [ 24 -2.3959289096997116 ]  [ 29 -3.5241951417472954 ]  [ 1 -3.8677106537383197 ] 
spkr22_1 [ 1 -3.9536252217590357 ]  [ 7 -2.619167920928903 ]  [ 30 -2.3111648697080236 ]  [ 25 -1.478328959160585 ]  [ 8 -2.4245606606637153 ]  [ 31 -1.9193925135223358 ]  [ 30 -1.9266490541966148 ]  [ 13 -2.849343998945976 ]  [ 11 -2.6023237676283917 ]  [ 1 -4.900525346504641 ]  [ 33 -2.1239838520809493 ]  [ 28 -3.1667320264768906 ]  [ 1 -3.5382277136032183 ] 
spkr22_2 [ 1 -3.8214016020418224 ]  [ 5 -2.540040314674043 ]  [ 22 -2.3241707161181107 ]  [ 5 -2.1556231169842874 ]  [ 29 -2.4366708169487996 ]  [ 1 -5.207203013233745 ]  [ 5 -2.1238483511214263 ]  [ 37 -2.7161340650453485 ]  [ 18 -2.679236182661837 ]  [ 3 -2.914601306194659 ]  [ 33 -1.8785423616835473 ]  [ 1 -4.09535710289849 ]  [ 33 -2.1713288575563077 ]  [ 20 -2.3100230667830215 ]  [ 1 -5.056216272549408 ] 
spkr22_4 [ 1 -4.201336463161398 ]  [ 24 -1.7564968625086974 ]  [ 8 -2.2531655314845818 ]  [ 16 -1.8044274231859898 ]  [ 3 -2.7104160104591477 ]  [ 12 -2.785482820931521 ]  [ 14 -2.2417728192612354 ]  [ 1 -5.182746351626865 ]  [ 19 -2.1904575597238676 ]  [ 40 -2.2241697946939536 ]  [ 4 -2.362559887957513 ]  [ 33 -2.1691672535196393 ]  [ 18 -2.367584854133349 ]  [ 27 -2.65407125570538 ]  [ 24 -2.1638140141640365 ]  [ 1 -4.275951784030127 ] 
spkr22_5 [ 1 -4.7661952617604175 ]  [ 33 -2.0421530454547927 ]  [ 30 -2.446151348420807 ]  [ 8 -2.019405783316544 ]  [ 33 -1.3874144606611316 ]  [ 5 -2.5033493070194184 ]  [ 31 -1.3215171187079437 ]  [ 19 -1.9419154918082413 ]  [ 26 -3.4898159537123328 ]  [ 5 -2.169141045294474 ]  [ 25 -1.7668961175077076 ]  [ 11 -3.339295709663376 ]  [ 21 -3.0621940125448446 ]  [ 5 -2.137550796179249 ]  [ 24 -1.9453564328229933 ]  [ 29 -2.9754411200645716 ]  [ 1 -3.007166982324839 ] 
