spkr14_1 [ 7 31.42051661759615 ] [ 14 18.361144363880157 ] [ 25 30.69918047754388 ] [ 8 8.316799319603227 ] [ 31 6.487908195046818 ] [ 30 -50.74248053232829 ] [ 13 -9.149303609674627 ] [ 11 -0.7007785009013282 ] [ 33 -23.059418241182964 ] [ 28 -29.575111381469235 ] 
spkr14_2 [ 15 6.417982407978603 ] [ 22 -8.557983332872391 ] [ 5 -7.660368177625868 ] [ 29 -28.009340175560542 ] [ 5 16.71505121390025 ] [ 37 -66.53011339361018 ] [ 18 -9.592083811759949 ] [ 3 -6.174280881881714 ] [ 33 45.11969985961914 ] [ 33 -66.81025457382202 ] [ 20 -13.636155691586042 ] 
spkr14_4 [ 24 13.509663028376442 ] [ 8 -4.847440447126116 ] [ 16 -0.12362606989012824 ] [ 3 -53.00027765546526 ] [ 12 37.700961521693635 ] [ 14 -108.64841369628907 ] [ 19 4.637081894007596 ] [ 40 -55.41179076830546 ] [ 4 13.390315562486649 ] [ 33 10.938355326652527 ] [ 18 13.554282854585086 ] [ 27 -30.084177698407853 ] [ 24 4.427733642251595 ] 
spkr14_5 [ 33 -12.368806706534492 ] [ 30 -42.016013281685964 ] [ 8 -21.430922482464766 ] [ 33 -28.760764863755966 ] [ 36 55.90332555770874 ] [ 31 3.208749685022566 ] [ 19 -31.888149747481712 ] [ 26 19.126236389665042 ] [ 4 -24.45732891559601 ] [ 25 -19.15287733078003 ] [ 11 -11.924986219406128 ] [ 21 -15.647261810302734 ] [ 5 16.97249448299408 ] [ 24 -73.78110949198405 ] [ 29 -39.11095799897846 ] 
spkr18_1 [ 7 48.72732503847642 ] [ 14 6.18013671785593 ] [ 25 15.785096263885498 ] [ 8 9.456227170096504 ] [ 31 -19.474653759350378 ] [ 30 -10.379525184631348 ] [ 13 -10.900614904032814 ] [ 11 -29.885219029017858 ] [ 33 19.43502712249756 ] [ 28 -39.53265551726023 ] 
spkr18_2 [ 5 -28.0031081199646 ] [ 22 32.27525999058377 ] [ 5 -3.216231073651995 ] [ 29 -18.739871442317963 ] [ 5 -30.3158198595047 ] [ 37 -26.66596031188965 ] [ 18 5.419223813449635 ] [ 3 -7.90692652463913 ] [ 33 -6.914105994360788 ] [ 33 -25.496336725023056 ] [ 20 0.9776784238361177 ] 
spkr18_4 [ 24 -5.037415586985075 ] [ 8 -6.341374787000509 ] [ 16 3.1294315542493547 ] [ 3 -71.83619651794433 ] [ 12 -2.8816063139173718 ] [ 14 -106.86392296685113 ] [ 19 19.568587736649945 ] [ 40 -62.4399545842951 ] [ 4 31.88712568283081 ] [ 33 23.649044854300364 ] [ 18 13.598829376697541 ] [ 27 -32.53615379333496 ] [ 24 24.37239420413971 ] 
spkr18_5 [ 33 35.36396680559431 ] [ 30 0.7958194414774576 ] [ 8 10.595654726028442 ] [ 33 -28.331056594848633 ] [ 5 -35.50049273173014 ] [ 31 10.348233040173849 ] [ 19 -37.037635040283206 ] [ 26 -4.059508238519941 ] [ 4 -10.67560601234436 ] [ 25 -35.30646085739136 ] [ 11 13.343793471654257 ] [ 21 18.95439717769623 ] [ 5 -41.90210407430475 ] [ 24 -7.0657341082890825 ] [ 29 -39.91635704040527 ] 
