spkr15_1 [ 3 10.387266493760622 ] [ 30 -70.8674579196506 ] [ 25 -33.4068698149461 ] [ 8 7.032668807004628 ] [ 31 -37.11532463346209 ] [ 30 -17.679601669311523 ] [ 13 -6.891393303871155 ] [ 11 -3.4454212188720703 ] [ 33 -4.506625982431265 ] [ 28 -20.97608768939972 ] 
spkr15_2 [ 5 -26.153332545207096 ] [ 22 10.82621372829784 ] [ 5 2.4133620922054564 ] [ 29 -25.124838785121316 ] [ 5 5.615066313743592 ] [ 37 -30.01725092801181 ] [ 18 -17.15654484430949 ] [ 3 17.569223750721324 ] [ 33 21.139559000730515 ] [ 33 -49.12246208190918 ] [ 20 -10.956776746114095 ] 
spkr15_4 [ 24 -5.776784878510695 ] [ 8 0.9604506538464472 ] [ 16 19.14910872777303 ] [ 3 -61.43144850297408 ] [ 12 -7.804340302944183 ] [ 14 -106.92055264641257 ] [ 19 13.365471561749777 ] [ 40 -69.39004023869832 ] [ 4 -9.43557972567422 ] [ 33 -14.114495042297575 ] [ 18 -5.772206624348958 ] [ 27 -29.20751667022705 ] [ 24 8.754531843321663 ] 
spkr15_5 [ 33 7.14415155351162 ] [ 30 -29.614734888076782 ] [ 8 0.6751189470291138 ] [ 33 -20.29288567437066 ] [ 5 22.437091403537327 ] [ 31 35.853654980659485 ] [ 19 -24.530446962876752 ] [ 26 9.39645845360226 ] [ 4 15.85713949570289 ] [ 25 -1.8123031973838806 ] [ 11 18.358831776512993 ] [ 21 0.43006162842114765 ] [ 5 -26.000607597140167 ] [ 24 -26.151784706115723 ] [ 29 -43.887780570983885 ] 
spkr17_1 [ 7 21.59780281384786 ] [ 30 -10.672984668186732 ] [ 25 18.105941796302794 ] [ 8 58.769207587608925 ] [ 31 -34.952281379699706 ] [ 30 -21.84687810473972 ] [ 13 6.1412573075956765 ] [ 11 -65.67465318952289 ] [ 33 24.989711549546982 ] [ 28 7.72903133392334 ] 
spkr17_2 [ 5 -31.48582363128662 ] [ 22 16.222172260284424 ] [ 5 -45.1827589670817 ] [ 29 -9.090935480594634 ] [ 5 5.949171611240932 ] [ 37 7.480690952390432 ] [ 18 35.89973801832933 ] [ 3 -9.783358021215959 ] [ 33 -18.908066352208454 ] [ 33 -57.24331838434393 ] [ 20 -10.546168058082975 ] 
spkr17_4 [ 24 6.97364770770073 ] [ 8 -7.127940018971761 ] [ 16 -8.91382566520146 ] [ 3 -65.34003745185004 ] [ 12 7.285563786824544 ] [ 14 -59.882852172851564 ] [ 19 -13.451111475626627 ] [ 40 -17.207714366912843 ] [ 4 -33.809319904872346 ] [ 33 -11.188104936054774 ] [ 18 -10.47095137834549 ] [ 27 -47.86212950486403 ] [ 24 24.602668285369873 ] 
spkr17_5 [ 33 -11.269931614398956 ] [ 30 -55.50842514038086 ] [ 8 15.319170673688253 ] [ 33 -70.089291466607 ] [ 5 8.263012102672032 ] [ 31 27.2648630672031 ] [ 19 -57.22381901741028 ] [ 26 -11.189241462283665 ] [ 4 -26.888410758972167 ] [ 25 -20.70910640557607 ] [ 11 -15.730465412139893 ] [ 21 9.19472736120224 ] [ 5 0.0856704987012423 ] [ 24 -40.59776851109096 ] [ 29 -28.963280604435848 ] 
spkr22_1 [ 7 34.78052958320169 ] [ 30 -27.116864490509034 ] [ 25 33.5882099812681 ] [ 8 1.3582788439733642 ] [ 31 5.547148869587825 ] [ 30 -19.903690056367353 ] [ 13 -5.2014429952417105 ] [ 11 3.2696123917897544 ] [ 33 -18.940361463597842 ] [ 28 -39.18402353922526 ] 
spkr22_2 [ 5 -19.745935882840836 ] [ 22 26.249115824699402 ] [ 5 7.023847499719033 ] [ 29 -17.830704152584076 ] [ 5 29.956986367702484 ] [ 37 -25.312321281433107 ] [ 18 -2.565690368413925 ] [ 3 2.7397749423980713 ] [ 33 -22.390412362416587 ] [ 33 -32.41960549354553 ] [ 20 -0.49386184865778143 ] 
spkr22_4 [ 24 -1.5323657301756053 ] [ 8 -5.9707066457379945 ] [ 16 -10.8691286444664 ] [ 3 -77.61877788196911 ] [ 12 -4.377305269241333 ] [ 14 -114.17253920611213 ] [ 19 37.08372257153193 ] [ 40 -32.13797674179077 ] [ 4 -11.850099086761475 ] [ 33 16.802749554316204 ] [ 18 -7.088363094763323 ] [ 27 -9.366809321301323 ] [ 24 -1.362270239326689 ] 
spkr22_5 [ 33 -17.967806834440964 ] [ 30 -58.707892100016274 ] [ 8 -13.03991106578282 ] [ 33 -74.15160131454468 ] [ 5 -30.446948475307888 ] [ 31 5.521774938950936 ] [ 19 -56.56751995736902 ] [ 26 -7.986341142654419 ] [ 5 -41.030895709991455 ] [ 25 -33.355431365966794 ] [ 11 -23.770546245574952 ] [ 21 17.34424551328023 ] [ 5 -6.881332129240036 ] [ 24 -48.187121987342834 ] [ 29 -30.11405580922177 ] 
spkr14_1 [ 7 31.42051661759615 ] [ 14 18.361144363880157 ] [ 25 30.69918047754388 ] [ 8 8.316799319603227 ] [ 31 6.487908195046818 ] [ 30 -50.74248053232829 ] [ 13 -9.149303609674627 ] [ 11 -0.7007785009013282 ] [ 33 -23.059418241182964 ] [ 28 -29.575111381469235 ] 
spkr14_2 [ 15 6.417982407978603 ] [ 22 -8.557983332872391 ] [ 5 -7.660368177625868 ] [ 29 -28.009340175560542 ] [ 5 16.71505121390025 ] [ 37 -66.53011339361018 ] [ 18 -9.592083811759949 ] [ 3 -6.174280881881714 ] [ 33 45.11969985961914 ] [ 33 -66.81025457382202 ] [ 20 -13.636155691586042 ] 
spkr14_4 [ 24 13.509663028376442 ] [ 8 -4.847440447126116 ] [ 16 -0.12362606989012824 ] [ 3 -53.00027765546526 ] [ 12 37.700961521693635 ] [ 14 -108.64841369628907 ] [ 19 4.637081894007596 ] [ 40 -55.41179076830546 ] [ 4 13.390315562486649 ] [ 33 10.938355326652527 ] [ 18 13.554282854585086 ] [ 27 -30.084177698407853 ] [ 24 4.427733642251595 ] 
spkr14_5 [ 33 -12.368806706534492 ] [ 30 -42.016013281685964 ] [ 8 -21.430922482464766 ] [ 33 -28.760764863755966 ] [ 36 55.90332555770874 ] [ 31 3.208749685022566 ] [ 19 -31.888149747481712 ] [ 26 19.126236389665042 ] [ 4 -24.45732891559601 ] [ 25 -19.15287733078003 ] [ 11 -11.924986219406128 ] [ 21 -15.647261810302734 ] [ 5 16.97249448299408 ] [ 24 -73.78110949198405 ] [ 29 -39.11095799897846 ] 
spkr18_1 [ 7 48.72732503847642 ] [ 14 6.18013671785593 ] [ 25 15.785096263885498 ] [ 8 9.456227170096504 ] [ 31 -19.474653759350378 ] [ 30 -10.379525184631348 ] [ 13 -10.900614904032814 ] [ 11 -29.885219029017858 ] [ 33 19.43502712249756 ] [ 28 -39.53265551726023 ] 
spkr18_2 [ 5 -28.0031081199646 ] [ 22 32.27525999058377 ] [ 5 -3.216231073651995 ] [ 29 -18.739871442317963 ] [ 5 -30.3158198595047 ] [ 37 -26.66596031188965 ] [ 18 5.419223813449635 ] [ 3 -7.90692652463913 ] [ 33 -6.914105994360788 ] [ 33 -25.496336725023056 ] [ 20 0.9776784238361177 ] 
spkr18_4 [ 24 -5.037415586985075 ] [ 8 -6.341374787000509 ] [ 16 3.1294315542493547 ] [ 3 -71.83619651794433 ] [ 12 -2.8816063139173718 ] [ 14 -106.86392296685113 ] [ 19 19.568587736649945 ] [ 40 -62.4399545842951 ] [ 4 31.88712568283081 ] [ 33 23.649044854300364 ] [ 18 13.598829376697541 ] [ 27 -32.53615379333496 ] [ 24 24.37239420413971 ] 
spkr18_5 [ 33 35.36396680559431 ] [ 30 0.7958194414774576 ] [ 8 10.595654726028442 ] [ 33 -28.331056594848633 ] [ 5 -35.50049273173014 ] [ 31 10.348233040173849 ] [ 19 -37.037635040283206 ] [ 26 -4.059508238519941 ] [ 4 -10.67560601234436 ] [ 25 -35.30646085739136 ] [ 11 13.343793471654257 ] [ 21 18.95439717769623 ] [ 5 -41.90210407430475 ] [ 24 -7.0657341082890825 ] [ 29 -39.91635704040527 ] 
